let a = 5;
let b = a + c; 
let 123 = 456;  
let x = 10 / 0; 